


materialPath: F:\Steam\steamapps\common\GarrysMod\garrysmod\materials
Loading c:\users\lorem\gmod\rp_saintlouis_v1_d\rp_saintlouis_v1_rolling.vmf
material "/bark01" not found.
Patching WVT material: maps/rp_saintlouis_v1_rolling/nature/blendgrassgravel001b_wvt_patch
Patching WVT material: maps/rp_saintlouis_v1_rolling/nature/blendmilground008_2_plants_wvt_patch
Patching WVT material: maps/rp_saintlouis_v1_rolling/nature/blendmilground008b_2_wvt_patch
Patching WVT material: maps/rp_saintlouis_v1_rolling/nature/blendmilground005_2_wvt_patch
Patching WVT material: maps/rp_saintlouis_v1_rolling/de_chateau/groundd_blend_wvt_patch
fixing up env_cubemap materials on brush sides...
ProcessBlock_Thread: 0...1...2...3...4...5...6...7...8...9...10 (1)
ProcessBlock_Thread: 0...1...2...3...4...5...6...7...8...9...10 (0)
Processing areas...done (0)
Building Faces...done (0)
Chop Details...done (0)
Find Visible Detail Sides...
Merged 2274 detail faces...done (0)
Merging details...done (0)
FixTjuncs...
PruneNodes...
WriteBSP...
done (2)
writing c:\users\lorem\gmod\rp_saintlouis_v1_d\rp_saintlouis_v1_rolling.prt...
Building visibility clusters...
done (0)
material "skybox/skybox/sky_day01_07ftrt" not found.
Can't load skybox file skybox/skybox/sky_day01_07ft to build the default cubemap!
Can't load skybox file skybox/skybox/sky_day01_07ft to build the default cubemap!
Finding displacement neighbors...
Finding lightmap sample positions...
Displacement Alpha : 0...1...2...3...4...5...6...7...8...9...10
Building Physics collision data...
done (1) (1633940 bytes)
Placing detail props : 0...1...2...3...4...5...6...7...8...9..Material NATURE/BLENDMILGROUND008_2_PLANTS uses unknown detail object type militia_leaves_grass!
Material NATURE/BLENDMILGROUND008_2_PLANTS uses unknown detail object type militia_leaves_grass!
Material NATURE/BLENDMILGROUND008_2_PLANTS uses unknown detail object type militia_leaves_grass!
Material NATURE/BLENDMILGROUND008_2_PLANTS uses unknown detail object type militia_leaves_grass!
Material NATURE/BLENDMILGROUND008_2_PLANTS uses unknown detail object type militia_leaves_grass!
Material NATURE/BLENDMILGROUND008_2_PLANTS uses unknown detail object type militia_leaves_grass!
Material NATURE/BLENDMILGROUND008_2_PLANTS uses unknown detail object type militia_leaves_grass!
Material NATURE/BLENDMILGROUND008_2_PLANTS uses unknown detail object type militia_leaves_grass!
Material NATURE/BLENDMILGROUND008_2_PLANTS uses unknown detail object type militia_leaves_grass!
Material NATURE/BLENDMILGROUND008_2_PLANTS uses unknown detail object type militia_leaves_grass!
Material NATURE/BLENDMILGROUND008_2_PLANTS uses unknown detail object type militia_leaves_grass!
Material NATURE/BLENDMILGROUND008_2_PLANTS uses unknown detail object type militia_leaves_grass!
Material NATURE/BLENDMILGROUND008_2_PLANTS uses unknown detail object type militia_leaves_grass!
Material NATURE/BLENDMILGROUND008_2_PLANTS uses unknown detail object type militia_leaves_grass!
Material NATURE/BLENDMILGROUND008_2_PLANTS uses unknown detail object type militia_leaves_grass!
Material NATURE/BLENDMILGROUND008_2_PLANTS uses unknown detail object type militia_leaves_grass!
Material NATURE/BLENDMILGROUND008_2_PLANTS uses unknown detail object type militia_leaves_grass!
Material NATURE/BLENDMILGROUND008_2_PLANTS uses unknown detail object type militia_leaves_grass!
Material NATURE/BLENDMILGROUND008_2_PLANTS uses unknown detail object type militia_leaves_grass!
Material NATURE/BLENDMILGROUND008_2_PLANTS uses unknown detail object type militia_leaves_grass!
.Material NATURE/BLENDMILGROUND008_2_PLANTS uses unknown detail object type militia_leaves_grass!
Material NATURE/BLENDMILGROUND008_2_PLANTS uses unknown detail object type militia_leaves_grass!
Material NATURE/BLENDMILGROUND008_2_PLANTS uses unknown detail object type militia_leaves_grass!
Material NATURE/BLENDMILGROUND008_2_PLANTS uses unknown detail object type militia_leaves_grass!
Material NATURE/BLENDMILGROUND008_2_PLANTS uses unknown detail object type militia_leaves_grass!
Material NATURE/BLENDMILGROUND008_2_PLANTS uses unknown detail object type militia_leaves_grass!
Material NATURE/BLENDMILGROUND008B_2 uses unknown detail object type militia_darkleaves_grass!
Material NATURE/BLENDMILGROUND005_2 uses unknown detail object type militia_rock_grass!
Material NATURE/BLENDMILGROUND005_2 uses unknown detail object type militia_rock_grass!
Material NATURE/BLENDMILGROUND008B_2 uses unknown detail object type militia_darkleaves_grass!
Material NATURE/BLENDMILGROUND005_2 uses unknown detail object type militia_rock_grass!
Material NATURE/BLENDMILGROUND008B_2 uses unknown detail object type militia_darkleaves_grass!
Material NATURE/BLENDMILGROUND005_2 uses unknown detail object type militia_rock_grass!
Material NATURE/BLENDMILGROUND008B_2 uses unknown detail object type militia_darkleaves_grass!
Material NATURE/BLENDMILGROUND008B_2 uses unknown detail object type militia_darkleaves_grass!
Material NATURE/BLENDMILGROUND008B_2 uses unknown detail object type militia_darkleaves_grass!
Material NATURE/BLENDMILGROUND005_2 uses unknown detail object type militia_rock_grass!
Material NATURE/BLENDMILGROUND005_2 uses unknown detail object type militia_rock_grass!
Material NATURE/BLENDMILGROUND005_2 uses unknown detail object type militia_rock_grass!
Material NATURE/BLENDMILGROUND008B_2 uses unknown detail object type militia_darkleaves_grass!
Material NATURE/BLENDMILGROUND005_2 uses unknown detail object type militia_rock_grass!
Material NATURE/BLENDMILGROUND008B_2 uses unknown detail object type militia_darkleaves_grass!
Material NATURE/BLENDMILGROUND005_2 uses unknown detail object type militia_rock_grass!
Material NATURE/BLENDMILGROUND008B_2 uses unknown detail object type militia_darkleaves_grass!
Material NATURE/BLENDMILGROUND005_2 uses unknown detail object type militia_rock_grass!
Material NATURE/BLENDMILGROUND008B_2 uses unknown detail object type militia_darkleaves_grass!
Material NATURE/BLENDMILGROUND005_2 uses unknown detail object type militia_rock_grass!
Material NATURE/BLENDMILGROUND008B_2 uses unknown detail object type militia_darkleaves_grass!
Material NATURE/BLENDMILGROUND005_2 uses unknown detail object type militia_rock_grass!
Material NATURE/BLENDMILGROUND005_2 uses unknown detail object type militia_rock_grass!
Material NATURE/BLENDMILGROUND008B_2 uses unknown detail object type militia_darkleaves_grass!
Material NATURE/BLENDMILGROUND005_2 uses unknown detail object type militia_rock_grass!
Material NATURE/BLENDMILGROUND008B_2 uses unknown detail object type militia_darkleaves_grass!
Material NATURE/BLENDMILGROUND005_2 uses unknown detail object type militia_rock_grass!
Material NATURE/BLENDMILGROUND008B_2 uses unknown detail object type militia_darkleaves_grass!
Material NATURE/BLENDMILGROUND005_2 uses unknown detail object type militia_rock_grass!
Material NATURE/BLENDMILGROUND008B_2 uses unknown detail object type militia_darkleaves_grass!
Material NATURE/BLENDMILGROUND005_2 uses unknown detail object type militia_rock_grass!
Material NATURE/BLENDMILGROUND008B_2 uses unknown detail object type militia_darkleaves_grass!
Material NATURE/BLENDMILGROUND005_2 uses unknown detail object type militia_rock_grass!
Material NATURE/BLENDMILGROUND005_2 uses unknown detail object type militia_rock_grass!
Material NATURE/BLENDMILGROUND008B_2 uses unknown detail object type militia_darkleaves_grass!
Material NATURE/BLENDMILGROUND005_2 uses unknown detail object type militia_rock_grass!
Material NATURE/BLENDMILGROUND005_2 uses unknown detail object type militia_rock_grass!
Material NATURE/BLENDMILGROUND005_2 uses unknown detail object type militia_rock_grass!
Material NATURE/BLENDMILGROUND008B_2 uses unknown detail object type militia_darkleaves_grass!
Material NATURE/BLENDMILGROUND005_2 uses unknown detail object type militia_rock_grass!
Material NATURE/BLENDMILGROUND008B_2 uses unknown detail object type militia_darkleaves_grass!
Material NATURE/BLENDMILGROUND005_2 uses unknown detail object type militia_rock_grass!
Material NATURE/BLENDMILGROUND008B_2 uses unknown detail object type militia_darkleaves_grass!
Material NATURE/BLENDMILGROUND005_2 uses unknown detail object type militia_rock_grass!
Material NATURE/BLENDMILGROUND005_2 uses unknown detail object type militia_rock_grass!
Material NATURE/BLENDMILGROUND008B_2 uses unknown detail object type militia_darkleaves_grass!
Material NATURE/BLENDMILGROUND005_2 uses unknown detail object type militia_rock_grass!
10
Compacting texture/material tables...
Reduced 2303 texinfos to 1554
Reduced 141 texdatas to 129 (3141 bytes to 2433)
Writing c:\users\lorem\gmod\rp_saintlouis_v1_d\rp_saintlouis_v1_rolling.bsp
7 seconds elapsed



8 threads
reading c:\users\lorem\gmod\rp_saintlouis_v1_d\rp_saintlouis_v1_rolling.bsp
reading c:\users\lorem\gmod\rp_saintlouis_v1_d\rp_saintlouis_v1_rolling.prt
2193 portalclusters
5758 numportals
BasePortalVis:       0...1...2...3...4...5...6...7...8...9...10 (1)
Optimized: 203977 visible clusters (5.12%)
Total clusters visible: 3987546
Average clusters visible: 1818
Building PAS...
Average clusters audible: 2189
visdatasize:1203468  compressed from 1228080
writing c:\users\lorem\gmod\rp_saintlouis_v1_d\rp_saintlouis_v1_rolling.bsp
1 second elapsed



[Reading texlights from 'lights.rad']
[51 texlights parsed from 'lights.rad']
Loading c:\users\lorem\gmod\rp_saintlouis_v1_d\rp_saintlouis_v1_rolling.bsp
BuildFacelights:     0...1...2...3...4...5...6...7...8...9...10 (28)
BuildVisLeafs:       0...1...2...3...4...5...6...7...8...9...10 (45)
transfers 18835748, max 2235
GatherLight:         0...1...2...3...4...5...6...7...8...9...10 (0)
GatherLight:         0...1...2...3...4...5...6...7...8...9...10 (0)
Build Patch/Sample Hash Table(s).....Done<0.0891 sec>
FinalLightFace:      0...1...2...3...4...5...6...7...8...9...10 (10)
FinalLightFace Done
Computing detail prop lighting : 0...1...2...3...4...5...6...7...8...9...10
0 of 0 (0% of) surface lights went in leaf ambient cubes.
ThreadComputeLeafAmbient: 0...1...2...3...4...5...6...7...8...9...10 (18)
Writing leaf ambient...done
Ready to Finish

Object names       Objects/Maxobjs  Memory / Maxmem  Fullness 
------------       ---------------  ---------------  -------- 
models                 143/4096         6864/196608   ( 3.5%) 
brushes               4970/65535       59640/786420   ( 7.6%) 
brushsides           37338/655350     298704/5242800  ( 5.7%) 
planes               10470/65536      209400/1310720  (16.0%) 
vertexes             22459/65536      269508/786432   (34.3%) 
nodes                 5711/65536      182752/2097152  ( 8.7%) 
texinfos              1554/16384      111888/1179648  ( 9.5%) 
texdata                129/8192         4128/262144   ( 1.6%) 
dispinfos               86/0           15136/0        ( 0.0%) 
disp_verts            6966/0          139320/0        ( 0.0%) 
disp_tris            11008/0           22016/0        ( 0.0%) 
disp_multiblend          0/0               0/0        ( 0.0%) 
disp_lmsamples      729604/0          729604/0        ( 0.0%) 
faces                12668/65536      709408/3670016  (19.3%) 
hdr faces                0/65536           0/3670016  ( 0.0%) 
origfaces             9200/65536      515200/3670016  (14.0%) 
leaves                5855/65536      187360/2097152  ( 8.9%) 
leaffaces            15195/65536       30390/131072   (23.2%) 
leafbrushes           8703/65536       17406/131072   (13.3%) 
areas                    2/1024           16/8192     ( 0.2%) 
surfedges            96141/512000     384564/2048000  (18.8%) 
edges                59873/256000     239492/1024000  (23.4%) 
LDR worldlights        690/8192        60720/720896   ( 8.4%) 
HDR worldlights          0/8192            0/720896   ( 0.0%) 
leafwaterdata            3/32768          36/393216   ( 0.0%) 
waterstrips           1468/32768       14680/327680   ( 4.5%) 
waterverts               0/65536           0/786432   ( 0.0%) 
waterindices         25713/65536       51426/131072   (39.2%) 
cubemapsamples           0/1024            0/16384    ( 0.0%) 
overlays                 0/8192            0/2883584  ( 0.0%) 
LDR lightdata         [variable]    14306376/0        ( 0.0%) 
HDR lightdata         [variable]           0/0        ( 0.0%) 
visdata               [variable]     1203468/16777216 ( 7.2%) 
entdata               [variable]      482022/4194304  (11.5%) 
LDR ambient table     5855/65536       23420/262144   ( 8.9%) 
HDR ambient table     5855/65536       23420/262144   ( 8.9%) 
LDR leaf ambient     23689/65536      663292/1835008  (36.1%) 
HDR leaf ambient      5855/65536      163940/1835008  ( 8.9%) 
occluders                0/0               0/0        ( 0.0%) 
occluder polygons        0/0               0/0        ( 0.0%) 
occluder vert ind        0/0               0/0        ( 0.0%) 
detail props          [variable]      279216/0        ( 0.0%) 
dtl prp lght          [variable]           4/0        ( 0.0%) 
HDR dtl prp lght      [variable]           4/0        ( 0.0%) 
static props          [variable]       67678/0        ( 0.0%) 
static prop count      838/16384           0/0        ( 5.1%) 
pakfile               [variable]        4260/0        ( 0.0%) 
physics               [variable]     1633940/4194304  (39.0%) 
physics terrain       [variable]       30194/1048576  ( 2.9%) 

Level flags = 0

Total triangle count: 34454
Writing c:\users\lorem\gmod\rp_saintlouis_v1_d\rp_saintlouis_v1_rolling.bsp
1 minute, 51 seconds elapsed




materialPath: F:\Steam\steamapps\common\GarrysMod\garrysmod\materials
Loading c:\users\lorem\gmod\rp_saintlouis_v1_d\rp_saintlouis_v1_rolling.vmf
material "/bark01" not found.
Patching WVT material: maps/rp_saintlouis_v1_rolling/nature/blendgrassgravel001b_wvt_patch
Patching WVT material: maps/rp_saintlouis_v1_rolling/nature/blendmilground008_2_plants_wvt_patch
Patching WVT material: maps/rp_saintlouis_v1_rolling/nature/blendmilground008b_2_wvt_patch
Patching WVT material: maps/rp_saintlouis_v1_rolling/nature/blendmilground005_2_wvt_patch
Patching WVT material: maps/rp_saintlouis_v1_rolling/de_chateau/groundd_blend_wvt_patch
fixing up env_cubemap materials on brush sides...
ProcessBlock_Thread: 0...1...2...3...4...5...6...7...8...9...10 (0)
ProcessBlock_Thread: 0...1...2...3...4...5...6...7...8...9...10 (0)
Processing areas...done (0)
Building Faces...done (0)
Chop Details...done (0)
Find Visible Detail Sides...
Merged 2282 detail faces...done (0)
Merging details...done (0)
FixTjuncs...
PruneNodes...
WriteBSP...
done (2)
writing c:\users\lorem\gmod\rp_saintlouis_v1_d\rp_saintlouis_v1_rolling.prt...
Building visibility clusters...
done (0)
material "skybox/skybox/sky_day01_07ftrt" not found.
Can't load skybox file skybox/skybox/sky_day01_07ft to build the default cubemap!
Can't load skybox file skybox/skybox/sky_day01_07ft to build the default cubemap!
Finding displacement neighbors...
Finding lightmap sample positions...
Displacement Alpha : 0...1...2...3...4...5...6...7...8...9...10
Building Physics collision data...
done (1) (1632132 bytes)
Placing detail props : 0...1...2...3...4...5...6...7...8...9..Material NATURE/BLENDMILGROUND008_2_PLANTS uses unknown detail object type militia_leaves_grass!
Material NATURE/BLENDMILGROUND008_2_PLANTS uses unknown detail object type militia_leaves_grass!
Material NATURE/BLENDMILGROUND008_2_PLANTS uses unknown detail object type militia_leaves_grass!
Material NATURE/BLENDMILGROUND008_2_PLANTS uses unknown detail object type militia_leaves_grass!
Material NATURE/BLENDMILGROUND008_2_PLANTS uses unknown detail object type militia_leaves_grass!
Material NATURE/BLENDMILGROUND008_2_PLANTS uses unknown detail object type militia_leaves_grass!
Material NATURE/BLENDMILGROUND008_2_PLANTS uses unknown detail object type militia_leaves_grass!
Material NATURE/BLENDMILGROUND008_2_PLANTS uses unknown detail object type militia_leaves_grass!
Material NATURE/BLENDMILGROUND008_2_PLANTS uses unknown detail object type militia_leaves_grass!
Material NATURE/BLENDMILGROUND008_2_PLANTS uses unknown detail object type militia_leaves_grass!
Material NATURE/BLENDMILGROUND008_2_PLANTS uses unknown detail object type militia_leaves_grass!
Material NATURE/BLENDMILGROUND008_2_PLANTS uses unknown detail object type militia_leaves_grass!
Material NATURE/BLENDMILGROUND008_2_PLANTS uses unknown detail object type militia_leaves_grass!
Material NATURE/BLENDMILGROUND008_2_PLANTS uses unknown detail object type militia_leaves_grass!
Material NATURE/BLENDMILGROUND008_2_PLANTS uses unknown detail object type militia_leaves_grass!
Material NATURE/BLENDMILGROUND008_2_PLANTS uses unknown detail object type militia_leaves_grass!
Material NATURE/BLENDMILGROUND008_2_PLANTS uses unknown detail object type militia_leaves_grass!
Material NATURE/BLENDMILGROUND008_2_PLANTS uses unknown detail object type militia_leaves_grass!
Material NATURE/BLENDMILGROUND008_2_PLANTS uses unknown detail object type militia_leaves_grass!
Material NATURE/BLENDMILGROUND008_2_PLANTS uses unknown detail object type militia_leaves_grass!
.Material NATURE/BLENDMILGROUND008_2_PLANTS uses unknown detail object type militia_leaves_grass!
Material NATURE/BLENDMILGROUND008_2_PLANTS uses unknown detail object type militia_leaves_grass!
Material NATURE/BLENDMILGROUND008_2_PLANTS uses unknown detail object type militia_leaves_grass!
Material NATURE/BLENDMILGROUND008_2_PLANTS uses unknown detail object type militia_leaves_grass!
Material NATURE/BLENDMILGROUND008_2_PLANTS uses unknown detail object type militia_leaves_grass!
Material NATURE/BLENDMILGROUND008_2_PLANTS uses unknown detail object type militia_leaves_grass!
Material NATURE/BLENDMILGROUND008B_2 uses unknown detail object type militia_darkleaves_grass!
Material NATURE/BLENDMILGROUND005_2 uses unknown detail object type militia_rock_grass!
Material NATURE/BLENDMILGROUND005_2 uses unknown detail object type militia_rock_grass!
Material NATURE/BLENDMILGROUND008B_2 uses unknown detail object type militia_darkleaves_grass!
Material NATURE/BLENDMILGROUND005_2 uses unknown detail object type militia_rock_grass!
Material NATURE/BLENDMILGROUND008B_2 uses unknown detail object type militia_darkleaves_grass!
Material NATURE/BLENDMILGROUND005_2 uses unknown detail object type militia_rock_grass!
Material NATURE/BLENDMILGROUND008B_2 uses unknown detail object type militia_darkleaves_grass!
Material NATURE/BLENDMILGROUND008B_2 uses unknown detail object type militia_darkleaves_grass!
Material NATURE/BLENDMILGROUND008B_2 uses unknown detail object type militia_darkleaves_grass!
Material NATURE/BLENDMILGROUND005_2 uses unknown detail object type militia_rock_grass!
Material NATURE/BLENDMILGROUND005_2 uses unknown detail object type militia_rock_grass!
Material NATURE/BLENDMILGROUND005_2 uses unknown detail object type militia_rock_grass!
Material NATURE/BLENDMILGROUND008B_2 uses unknown detail object type militia_darkleaves_grass!
Material NATURE/BLENDMILGROUND005_2 uses unknown detail object type militia_rock_grass!
Material NATURE/BLENDMILGROUND008B_2 uses unknown detail object type militia_darkleaves_grass!
Material NATURE/BLENDMILGROUND005_2 uses unknown detail object type militia_rock_grass!
Material NATURE/BLENDMILGROUND008B_2 uses unknown detail object type militia_darkleaves_grass!
Material NATURE/BLENDMILGROUND005_2 uses unknown detail object type militia_rock_grass!
Material NATURE/BLENDMILGROUND008B_2 uses unknown detail object type militia_darkleaves_grass!
Material NATURE/BLENDMILGROUND005_2 uses unknown detail object type militia_rock_grass!
Material NATURE/BLENDMILGROUND008B_2 uses unknown detail object type militia_darkleaves_grass!
Material NATURE/BLENDMILGROUND005_2 uses unknown detail object type militia_rock_grass!
Material NATURE/BLENDMILGROUND005_2 uses unknown detail object type militia_rock_grass!
Material NATURE/BLENDMILGROUND008B_2 uses unknown detail object type militia_darkleaves_grass!
Material NATURE/BLENDMILGROUND005_2 uses unknown detail object type militia_rock_grass!
Material NATURE/BLENDMILGROUND008B_2 uses unknown detail object type militia_darkleaves_grass!
Material NATURE/BLENDMILGROUND005_2 uses unknown detail object type militia_rock_grass!
Material NATURE/BLENDMILGROUND008B_2 uses unknown detail object type militia_darkleaves_grass!
Material NATURE/BLENDMILGROUND005_2 uses unknown detail object type militia_rock_grass!
Material NATURE/BLENDMILGROUND008B_2 uses unknown detail object type militia_darkleaves_grass!
Material NATURE/BLENDMILGROUND005_2 uses unknown detail object type militia_rock_grass!
Material NATURE/BLENDMILGROUND008B_2 uses unknown detail object type militia_darkleaves_grass!
Material NATURE/BLENDMILGROUND005_2 uses unknown detail object type militia_rock_grass!
Material NATURE/BLENDMILGROUND005_2 uses unknown detail object type militia_rock_grass!
Material NATURE/BLENDMILGROUND008B_2 uses unknown detail object type militia_darkleaves_grass!
Material NATURE/BLENDMILGROUND005_2 uses unknown detail object type militia_rock_grass!
Material NATURE/BLENDMILGROUND005_2 uses unknown detail object type militia_rock_grass!
Material NATURE/BLENDMILGROUND005_2 uses unknown detail object type militia_rock_grass!
Material NATURE/BLENDMILGROUND008B_2 uses unknown detail object type militia_darkleaves_grass!
Material NATURE/BLENDMILGROUND005_2 uses unknown detail object type militia_rock_grass!
Material NATURE/BLENDMILGROUND008B_2 uses unknown detail object type militia_darkleaves_grass!
Material NATURE/BLENDMILGROUND005_2 uses unknown detail object type militia_rock_grass!
Material NATURE/BLENDMILGROUND008B_2 uses unknown detail object type militia_darkleaves_grass!
Material NATURE/BLENDMILGROUND005_2 uses unknown detail object type militia_rock_grass!
Material NATURE/BLENDMILGROUND005_2 uses unknown detail object type militia_rock_grass!
Material NATURE/BLENDMILGROUND008B_2 uses unknown detail object type militia_darkleaves_grass!
Material NATURE/BLENDMILGROUND005_2 uses unknown detail object type militia_rock_grass!
10
Compacting texture/material tables...
Reduced 2299 texinfos to 1550
Reduced 140 texdatas to 128 (3122 bytes to 2414)
Writing c:\users\lorem\gmod\rp_saintlouis_v1_d\rp_saintlouis_v1_rolling.bsp
6 seconds elapsed



8 threads
reading c:\users\lorem\gmod\rp_saintlouis_v1_d\rp_saintlouis_v1_rolling.bsp
reading c:\users\lorem\gmod\rp_saintlouis_v1_d\rp_saintlouis_v1_rolling.prt
2180 portalclusters
5702 numportals
BasePortalVis:       0...1...2...3...4...5...6...7...8...9...10 (1)
Optimized: 203589 visible clusters (5.19%)
Total clusters visible: 3921805
Average clusters visible: 1798
Building PAS...
Average clusters audible: 2176
visdatasize:1184698  compressed from 1220800
writing c:\users\lorem\gmod\rp_saintlouis_v1_d\rp_saintlouis_v1_rolling.bsp
1 second elapsed



[Reading texlights from 'lights.rad']
[51 texlights parsed from 'lights.rad']
Loading c:\users\lorem\gmod\rp_saintlouis_v1_d\rp_saintlouis_v1_rolling.bsp
BuildFacelights:     0...1...2...3...4...5...6...7...8...9...10 (29)
BuildVisLeafs:       0...1...2...3...4...5...6...7...8...9...10 (46)
transfers 18805510, max 2152
GatherLight:         0...1...2...3...4...5...6...7...8...9...10 (0)
GatherLight:         0...1...2...3...4...5...6...7...8...9...10 (0)
Build Patch/Sample Hash Table(s).....Done<0.0932 sec>
FinalLightFace:      0...1...2...3...4...5...6...7...8...9...10 (9)
FinalLightFace Done
Computing detail prop lighting : 0...1...2...3...4...5...6...7...8...9...10
0 of 0 (0% of) surface lights went in leaf ambient cubes.
ThreadComputeLeafAmbient: 0...1...2...3...4...5...6...7...8...9...10 (20)
Writing leaf ambient...done
Ready to Finish

Object names       Objects/Maxobjs  Memory / Maxmem  Fullness 
------------       ---------------  ---------------  -------- 
models                 143/4096         6864/196608   ( 3.5%) 
brushes               4966/65535       59592/786420   ( 7.6%) 
brushsides           37305/655350     298440/5242800  ( 5.7%) 
planes               10450/65536      209000/1310720  (15.9%) 
vertexes             22417/65536      269004/786432   (34.2%) 
nodes                 5699/65536      182368/2097152  ( 8.7%) 
texinfos              1550/16384      111600/1179648  ( 9.5%) 
texdata                128/8192         4096/262144   ( 1.6%) 
dispinfos               86/0           15136/0        ( 0.0%) 
disp_verts            6966/0          139320/0        ( 0.0%) 
disp_tris            11008/0           22016/0        ( 0.0%) 
disp_multiblend          0/0               0/0        ( 0.0%) 
disp_lmsamples      729604/0          729604/0        ( 0.0%) 
faces                12653/65536      708568/3670016  (19.3%) 
hdr faces                0/65536           0/3670016  ( 0.0%) 
origfaces             9184/65536      514304/3670016  (14.0%) 
leaves                5843/65536      186976/2097152  ( 8.9%) 
leaffaces            15148/65536       30296/131072   (23.1%) 
leafbrushes           8690/65536       17380/131072   (13.3%) 
areas                    2/1024           16/8192     ( 0.2%) 
surfedges            96005/512000     384020/2048000  (18.8%) 
edges                59778/256000     239112/1024000  (23.4%) 
LDR worldlights        690/8192        60720/720896   ( 8.4%) 
HDR worldlights          0/8192            0/720896   ( 0.0%) 
leafwaterdata            3/32768          36/393216   ( 0.0%) 
waterstrips           1457/32768       14570/327680   ( 4.4%) 
waterverts               0/65536           0/786432   ( 0.0%) 
waterindices         25566/65536       51132/131072   (39.0%) 
cubemapsamples           0/1024            0/16384    ( 0.0%) 
overlays                 0/8192            0/2883584  ( 0.0%) 
LDR lightdata         [variable]    14309176/0        ( 0.0%) 
HDR lightdata         [variable]           0/0        ( 0.0%) 
visdata               [variable]     1184698/16777216 ( 7.1%) 
entdata               [variable]      482022/4194304  (11.5%) 
LDR ambient table     5843/65536       23372/262144   ( 8.9%) 
HDR ambient table     5843/65536       23372/262144   ( 8.9%) 
LDR leaf ambient     23464/65536      656992/1835008  (35.8%) 
HDR leaf ambient      5843/65536      163604/1835008  ( 8.9%) 
occluders                0/0               0/0        ( 0.0%) 
occluder polygons        0/0               0/0        ( 0.0%) 
occluder vert ind        0/0               0/0        ( 0.0%) 
detail props          [variable]      279216/0        ( 0.0%) 
dtl prp lght          [variable]           4/0        ( 0.0%) 
HDR dtl prp lght      [variable]           4/0        ( 0.0%) 
static props          [variable]       67678/0        ( 0.0%) 
static prop count      838/16384           0/0        ( 5.1%) 
pakfile               [variable]        4260/0        ( 0.0%) 
physics               [variable]     1632132/4194304  (38.9%) 
physics terrain       [variable]       30194/1048576  ( 2.9%) 

Level flags = 0

Total triangle count: 34416
Writing c:\users\lorem\gmod\rp_saintlouis_v1_d\rp_saintlouis_v1_rolling.bsp
1 minute, 55 seconds elapsed

